Microchip MPLAB XC8 Compiler V2.10 ()

Linker command line:

--edf=C:\Program Files (x86)\Microchip\xc8\v2.10\pic\dat\en_msgs.txt -cs \
  -h+dist/Mini_board_config/debug\IsakBedardDemineur.X.debug.sym \
  --cmf=dist/Mini_board_config/debug\IsakBedardDemineur.X.debug.cmf -z \
  -Q18F45K20 -oC:\Users\Drago\AppData\Local\Temp\s67g.2 \
  --defsym=__MPLAB_BUILD=1 \
  -Mdist/Mini_board_config/debug/IsakBedardDemineur.X.debug.map -E1 \
  -ver=XC8 --acfsm=1493 -ASTACK=0194h-05EEh -pstack=STACK -ACODE=00h-07D3Fh \
  -ACONST=00h-07D3Fh -ASMALLCONST=0600h-06FFhx119,07D00h-07D3Fh \
  -AMEDIUMCONST=0600h-07D3Fh -ACOMRAM=01h-05Fh -AABS1=00h-05EEh \
  -ABIGRAM=01h-05EEh -ARAM=060h-0FFh,0100h-01FFhx4,0500h-05EEh \
  -ABANK0=060h-0FFh -ABANK1=0100h-01FFh -ABANK2=0200h-02FFh \
  -ABANK3=0300h-03FFh -ABANK4=0400h-04FFh -ABANK5=0500h-05EEh \
  -ASFR=0F60h-0F9Bh,0F9Dh-0FD3h,0FD5h-0FDAh,0FE0h-0FE2h,0FE8h-0FEAh,0FF0h-0FFBh \
  -preset_vec=00h,intcode,intcodelo,powerup,init -pramtop=0600h \
  -psmallconst=SMALLCONST -pmediumconst=MEDIUMCONST -pconst=CONST \
  -AFARRAM=00h-00h -ACONFIG=0300000h-030000Dh -pconfig=CONFIG \
  -AIDLOC=0200000h-0200007h -pidloc=IDLOC -AEEDATA=0F00000h-0F000FFh \
  -peeprom_data=EEDATA \
  -prdata=COMRAM,nvrram=COMRAM,nvbit=COMRAM,rbss=COMRAM,rbit=COMRAM \
  -pfarbss=FARRAM,fardata=FARRAM,nvFARRAM=FARRAM \
  -pintsave_regs=BIGRAM,bigbss=BIGRAM,bigdata=BIGRAM -pbss=RAM \
  -pidata=CODE,irdata=CODE,ibigdata=CODE,ifardata=CODE -pparam0=BANK0 \
  C:\Users\Drago\AppData\Local\Temp\s67g.o \
  dist/Mini_board_config/debug\IsakBedardDemineur.X.debug.o 

Object code version is 3.11

Machine type is 18F45K20

Call graph: (short form)




                Name                               Link     Load   Length Selector   Space Scale
C:\Users\Drago\AppData\Local\Temp\s67g.o
                init                                  0        0        4        0       0
                idloc                            200000   200000        8   200000       0
                config                           300000   300000        E   300000       0
dist/Mini_board_config/debug\IsakBedardDemineur.X.debug.o
                smallconst                          600      600       14      300       0
                text23                              C72      C72       AC      30A       0
                text22                             11D2     11D2       10      30A       0
                text21                             1132     1132       34      30A       0
                text20                             11F2     11F2        6      30A       0
                text19                             107C     107C       42      30A       0
                text18                             11B6     11B6       1C      30A       0
                text17                             11EA     11EA        8      30A       0
                text16                              E9E      E9E       6C      30A       0
                text15                              DC0      DC0       72      30A       0
                text14                             11E2     11E2        8      30A       0
                text13                             10FE     10FE       34      30A       0
                text12                              D1E      D1E       A2      30A       0
                text11                              F0A      F0A       6A      30A       0
                text10                             118E     118E       28      30A       0
                text9                              1028     1028       54      30A       0
                text8                               B0C      B0C       B4      30A       0
                text7                              1166     1166       28      30A       0
                text6                               614      614      182      30A       0
                text5                               796      796      15E      30A       0
                text4                               BC0      BC0       B2      30A       0
                text3                               E32      E32       6C      30A       0
                text2                               FD2      FD2       56      30A       0
                text1                               8F4      8F4      15C      30A       0
                text0                               A50      A50       BC      30A       0
                cstackBANK0                          B4       B4       20       60       1
                dataBANK1                           154      154       40      100       1
                bssBANK1                            100      100       54      100       1
                dataBANK0                            D4       D4        4       60       1
                bssBANK0                             60       60       54       60       1
                cinit                               F74      F74       5E      30A       0
                idataBANK1                         10BE     10BE       40      30A       0
                idataBANK0                         11F8     11F8        4      30A       0

TOTAL           Name                               Link     Load   Length     Space
        CLASS   STACK          

        CLASS   CODE           
                init                                  0        0        4         0
                text23                              C72      C72       AC         0
                text22                             11D2     11D2       10         0
                text21                             1132     1132       34         0
                text20                             11F2     11F2        6         0
                text19                             107C     107C       42         0
                text18                             11B6     11B6       1C         0
                text17                             11EA     11EA        8         0
                text16                              E9E      E9E       6C         0
                text15                              DC0      DC0       72         0
                text14                             11E2     11E2        8         0
                text13                             10FE     10FE       34         0
                text12                              D1E      D1E       A2         0
                text11                              F0A      F0A       6A         0
                text10                             118E     118E       28         0
                text9                              1028     1028       54         0
                text8                               B0C      B0C       B4         0
                text7                              1166     1166       28         0
                text6                               614      614      182         0
                text5                               796      796      15E         0
                text4                               BC0      BC0       B2         0
                text3                               E32      E32       6C         0
                text2                               FD2      FD2       56         0
                text1                               8F4      8F4      15C         0
                text0                               A50      A50       BC         0
                cinit                               F74      F74       5E         0
                idataBANK1                         10BE     10BE       40         0
                idataBANK0                         11F8     11F8        4         0

        CLASS   CONST          

        CLASS   SMALLCONST     
                smallconst                          600      600       14         0

        CLASS   MEDIUMCONST    

        CLASS   COMRAM         

        CLASS   ABS1           

        CLASS   BIGRAM         

        CLASS   RAM            

        CLASS   BANK0          
                cstackBANK0                          B4       B4       20         1
                dataBANK0                            D4       D4        4         1
                bssBANK0                             60       60       54         1

        CLASS   BANK1          
                dataBANK1                           154      154       40         1
                bssBANK1                            100      100       54         1

        CLASS   BANK2          

        CLASS   BANK3          

        CLASS   BANK4          

        CLASS   BANK5          

        CLASS   SFR            

        CLASS   FARRAM         

        CLASS   CONFIG         
                config                           300000   300000        E         0

        CLASS   IDLOC          
                idloc                            200000   200000        8         0

        CLASS   EEDATA         



SEGMENTS        Name                           Load    Length   Top    Selector   Space  Class

                reset_vec                      000000  000004  000004         0       0  CODE    
                bssBANK0                       000060  000078  0000D8        60       1  BANK0   
                bssBANK1                       000100  000094  000194       100       1  BANK1   
                smallconst                     000600  000014  000614       300       0  SMALLCON
                text6                          000614  000BE8  0011FC       30A       0  CODE    
                idloc                          200000  000008  200008    200000       0  IDLOC   
                config                         300000  00000E  30000E    300000       0  CONFIG  


UNUSED ADDRESS RANGES

        Name                Unused          Largest block    Delta
        BANK0            0000D8-0000FF               28
        BANK1            000194-0001FF               6C
        BANK2            000200-0002FF              100
        BANK3            000300-0003FF              100
        BANK4            000400-0004FF              100
        BANK5            000500-0005EE               EF
        BIGRAM           000001-00005F               5F
                         0000D8-0000FF               28
                         000194-0005EE              45B
        CODE             000004-0005FF              5FC
                         0011FC-007D3F             6B44
        COMRAM           000001-00005F               5F
        CONST            000004-0005FF              5FC
                         0011FC-007D3F             6B44
        EEDATA           F00000-F000FF              100
        MEDIUMCONST      0011FC-007D3F             6B44
        RAM              0000D8-0000FF               28
                         000194-0005EE              100
        SFR              000F60-000F9B               3C
                         000F9D-000FD3               37
                         000FD5-000FDA                6
                         000FE0-000FE2                3
                         000FE8-000FEA                3
                         000FF0-000FFB                C
        SMALLCONST       0011FC-007D3F              100
        STACK            000194-0005EE              45B

                                  Symbol Table

?___awmod                     cstackBANK0  0000C2
?___lmul                      cstackBANK0  0000B4
?___wmul                      cstackBANK0  0000B4
?_rand                        cstackBANK0  0000C0
_ADCON0bits                   (abs)        000FC2
_ADCON1                       (abs)        000FC1
_ADCON2bits                   (abs)        000FC0
_ANSEL                        (abs)        000F7E
_ANSELH                       (abs)        000F7F
_ANSELbits                    (abs)        000F7E
_BAUDCONbits                  (abs)        000FB8
_PORTAbits                    (abs)        000F80
_PORTD                        (abs)        000F83
_RCIF                         (abs)        007CF5
_RCREG                        (abs)        000FAE
_RCSTAbits                    (abs)        000FAB
_SPBRG                        (abs)        000FAF
_SPBRGH                       (abs)        000FB0
_T1CONbits                    (abs)        000FCD
_TMR1                         (abs)        000FCE
_TRISA                        (abs)        000F92
_TRISB                        (abs)        000F93
_TRISCbits                    (abs)        000F94
_TRISD                        (abs)        000F95
_TXREG                        (abs)        000FAD
_TXSTAbits                    (abs)        000FAC
__CFG_BOREN$SBORDIS           (abs)        000000
__CFG_BORV$18                 (abs)        000000
__CFG_CCP2MX$PORTC            (abs)        000000
__CFG_CP0$OFF                 (abs)        000000
__CFG_CP1$OFF                 (abs)        000000
__CFG_CP2$OFF                 (abs)        000000
__CFG_CP3$OFF                 (abs)        000000
__CFG_CPB$OFF                 (abs)        000000
__CFG_CPD$OFF                 (abs)        000000
__CFG_EBTR0$OFF               (abs)        000000
__CFG_EBTR1$OFF               (abs)        000000
__CFG_EBTR2$OFF               (abs)        000000
__CFG_EBTR3$OFF               (abs)        000000
__CFG_EBTRB$OFF               (abs)        000000
__CFG_FCMEN$OFF               (abs)        000000
__CFG_FOSC$INTIO67            (abs)        000000
__CFG_HFOFST$ON               (abs)        000000
__CFG_IESO$OFF                (abs)        000000
__CFG_LPT1OSC$OFF             (abs)        000000
__CFG_LVP$OFF                 (abs)        000000
__CFG_MCLRE$ON                (abs)        000000
__CFG_PBADEN$ON               (abs)        000000
__CFG_PWRT$OFF                (abs)        000000
__CFG_STVREN$ON               (abs)        000000
__CFG_WDTEN$OFF               (abs)        000000
__CFG_WDTPS$32768             (abs)        000000
__CFG_WRT0$OFF                (abs)        000000
__CFG_WRT1$OFF                (abs)        000000
__CFG_WRT2$OFF                (abs)        000000
__CFG_WRT3$OFF                (abs)        000000
__CFG_WRTB$OFF                (abs)        000000
__CFG_WRTC$OFF                (abs)        000000
__CFG_WRTD$OFF                (abs)        000000
__CFG_XINST$OFF               (abs)        000000
__HRAM                        (abs)        000000
__Habs1                       abs1         000000
__Hbank0                      bank0        000000
__Hbank1                      bank1        000000
__Hbank2                      bank2        000000
__Hbank3                      bank3        000000
__Hbank4                      bank4        000000
__Hbank5                      bank5        000000
__Hbigbss                     bigbss       000000
__Hbigdata                    bigdata      000000
__Hbigram                     bigram       000000
__Hbss                        bss          000000
__HbssBANK0                   bssBANK0     000000
__HbssBANK1                   bssBANK1     000000
__Hcinit                      cinit        000000
__Hclrtext                    clrtext      000000
__Hcomram                     comram       000000
__Hconfig                     config       30000E
__Hconst                      const        000000
__HcstackBANK0                cstackBANK0  000000
__Hdata                       data         000000
__HdataBANK0                  dataBANK0    000000
__HdataBANK1                  dataBANK1    000000
__Heeprom_data                eeprom_data  000000
__Hfarbss                     farbss       000000
__Hfardata                    fardata      000000
__Hibigdata                   ibigdata     000000
__Hidata                      idata        000000
__HidataBANK0                 idataBANK0   000000
__HidataBANK1                 idataBANK1   000000
__Hidloc                      idloc        200008
__Hifardata                   ifardata     000000
__Hinit                       init         000004
__Hintcode                    intcode      000000
__Hintcode_body               intcode_body 000000
__Hintcodelo                  intcodelo    000000
__Hintentry                   intentry     000000
__Hintret                     intret       000000
__Hintsave_regs               intsave_regs 000000
__Hirdata                     irdata       000000
__Hmediumconst                mediumconst  000000
__HnvFARRAM                   nvFARRAM     000000
__Hnvbit                      nvbit        000000
__Hnvrram                     nvrram       000000
__Hparam                      param0       000000
__Hparam0                     param0       000000
__Hpowerup                    powerup      000000
__Hram                        ram          000000
__Hramtop                     ramtop       000600
__Hrbit                       rbit         000000
__Hrbss                       rbss         000000
__Hrdata                      rdata        000000
__Hreset_vec                  reset_vec    000000
__Hsfr                        sfr          000000
__Hsmallconst                 smallconst   000614
__Hspace_0                    (abs)        30000E
__Hspace_1                    (abs)        000194
__Hspace_2                    (abs)        000000
__Hstack                      stack        000000
__Hstruct                     struct       000000
__Htemp                       temp         000000
__Htext                       text         000000
__Htext0                      text0        000000
__Htext1                      text1        000000
__Htext10                     text10       000000
__Htext11                     text11       000000
__Htext12                     text12       000000
__Htext13                     text13       000000
__Htext14                     text14       000000
__Htext15                     text15       000000
__Htext16                     text16       000000
__Htext17                     text17       000000
__Htext18                     text18       000000
__Htext19                     text19       000000
__Htext2                      text2        000000
__Htext20                     text20       000000
__Htext21                     text21       000000
__Htext22                     text22       000000
__Htext23                     text23       000000
__Htext3                      text3        000000
__Htext4                      text4        000000
__Htext5                      text5        000000
__Htext6                      text6        000000
__Htext7                      text7        000000
__Htext8                      text8        000000
__Htext9                      text9        000000
__LRAM                        (abs)        000001
__Labs1                       abs1         000000
__Lbank0                      bank0        000000
__Lbank1                      bank1        000000
__Lbank2                      bank2        000000
__Lbank3                      bank3        000000
__Lbank4                      bank4        000000
__Lbank5                      bank5        000000
__Lbigbss                     bigbss       000000
__Lbigdata                    bigdata      000000
__Lbigram                     bigram       000000
__Lbss                        bss          000000
__LbssBANK0                   bssBANK0     000000
__LbssBANK1                   bssBANK1     000000
__Lcinit                      cinit        000000
__Lclrtext                    clrtext      000000
__Lcomram                     comram       000000
__Lconfig                     config       300000
__Lconst                      const        000000
__LcstackBANK0                cstackBANK0  000000
__Ldata                       data         000000
__LdataBANK0                  dataBANK0    000000
__LdataBANK1                  dataBANK1    000000
__Leeprom_data                eeprom_data  000000
__Lfarbss                     farbss       000000
__Lfardata                    fardata      000000
__Libigdata                   ibigdata     000000
__Lidata                      idata        000000
__LidataBANK0                 idataBANK0   000000
__LidataBANK1                 idataBANK1   000000
__Lidloc                      idloc        200000
__Lifardata                   ifardata     000000
__Linit                       init         000000
__Lintcode                    intcode      000000
__Lintcode_body               intcode_body 000000
__Lintcodelo                  intcodelo    000000
__Lintentry                   intentry     000000
__Lintret                     intret       000000
__Lintsave_regs               intsave_regs 000000
__Lirdata                     irdata       000000
__Lmediumconst                mediumconst  000000
__LnvFARRAM                   nvFARRAM     000000
__Lnvbit                      nvbit        000000
__Lnvrram                     nvrram       000000
__Lparam                      param0       000000
__Lparam0                     param0       000000
__Lpowerup                    powerup      000000
__Lram                        ram          000000
__Lramtop                     ramtop       000600
__Lrbit                       rbit         000000
__Lrbss                       rbss         000000
__Lrdata                      rdata        000000
__Lreset_vec                  reset_vec    000000
__Lsfr                        sfr          000000
__Lsmallconst                 smallconst   000600
__Lspace_0                    (abs)        000000
__Lspace_1                    (abs)        000000
__Lspace_2                    (abs)        000000
__Lstack                      stack        000000
__Lstruct                     struct       000000
__Ltemp                       temp         000000
__Ltext                       text         000000
__Ltext0                      text0        000000
__Ltext1                      text1        000000
__Ltext10                     text10       000000
__Ltext11                     text11       000000
__Ltext12                     text12       000000
__Ltext13                     text13       000000
__Ltext14                     text14       000000
__Ltext15                     text15       000000
__Ltext16                     text16       000000
__Ltext17                     text17       000000
__Ltext18                     text18       000000
__Ltext19                     text19       000000
__Ltext2                      text2        000000
__Ltext20                     text20       000000
__Ltext21                     text21       000000
__Ltext22                     text22       000000
__Ltext23                     text23       000000
__Ltext3                      text3        000000
__Ltext4                      text4        000000
__Ltext5                      text5        000000
__Ltext6                      text6        000000
__Ltext7                      text7        000000
__Ltext8                      text8        000000
__Ltext9                      text9        000000
__S0                          (abs)        30000E
__S1                          (abs)        000194
__S2                          (abs)        000000
___awmod                      text4        000BC0
___awmod@counter              cstackBANK0  0000C6
___awmod@dividend             cstackBANK0  0000C2
___awmod@divisor              cstackBANK0  0000C4
___awmod@sign                 cstackBANK0  0000C7
___inthi_sp                   stack        000000
___intlo_sp                   stack        000000
___lmul                       text3        000E32
___lmul@multiplicand          cstackBANK0  0000B8
___lmul@multiplier            cstackBANK0  0000B4
___lmul@product               cstackBANK0  0000BC
___param_bank                 (abs)        000000
___rparam_used                (abs)        000000
___sp                         stack        000000
___wmul                       text7        001166
___wmul@multiplicand          cstackBANK0  0000B6
___wmul@multiplier            cstackBANK0  0000B4
___wmul@product               cstackBANK0  0000B8
__accesstop                   (abs)        000060
__activetblptr                (abs)        000003
__end_of___awmod              text4        000C72
__end_of___lmul               text3        000E9E
__end_of___wmul               text7        00118E
__end_of__initialization      cinit        000FCC
__end_of_calculToucheCombien  text6        000796
__end_of_initTabVue           text23       000D1E
__end_of_initialisation       text21       001166
__end_of_lcd_busy             text19       0010BE
__end_of_lcd_curseurHome      text14       0011EA
__end_of_lcd_ecrireDonnees    text18       0011D2
__end_of_lcd_ecritChar        text9        00107C
__end_of_lcd_gotoXY           text15       000E32
__end_of_lcd_init             text10       0011B6
__end_of_lcd_initCGRam        text12       000DC0
__end_of_lcd_lireDonnees      text20       0011F8
__end_of_lcd_putMessage       text8        000BC0
__end_of_lcd_resetSequence    text11       000F74
__end_of_lcd_strobeEnableBit  text17       0011F2
__end_of_lcd_wrCom            text16       000F0A
__end_of_lcd_wrData           text13       001132
__end_of_main                 text0        000B0C
__end_of_metToucheCombien     text5        0008F4
__end_of_rand                 text2        001028
__end_of_rempliMines          text1        000A50
__end_of_srand                text22       0011E2
__initialization              cinit        000F74
__mediumconst                 mediumconst  000000
__pbssBANK0                   bssBANK0     000060
__pbssBANK1                   bssBANK1     000100
__pcinit                      cinit        000F74
__pcstackBANK0                cstackBANK0  0000B4
__pdataBANK0                  dataBANK0    0000D4
__pdataBANK1                  dataBANK1    000154
__pidataBANK0                 idataBANK0   0011F8
__pidataBANK1                 idataBANK1   0010BE
__psmallconst                 smallconst   000600
__ptext0                      text0        000A50
__ptext1                      text1        0008F4
__ptext10                     text10       00118E
__ptext11                     text11       000F0A
__ptext12                     text12       000D1E
__ptext13                     text13       0010FE
__ptext14                     text14       0011E2
__ptext15                     text15       000DC0
__ptext16                     text16       000E9E
__ptext17                     text17       0011EA
__ptext18                     text18       0011B6
__ptext19                     text19       00107C
__ptext2                      text2        000FD2
__ptext20                     text20       0011F2
__ptext21                     text21       001132
__ptext22                     text22       0011D2
__ptext23                     text23       000C72
__ptext3                      text3        000E32
__ptext4                      text4        000BC0
__ptext5                      text5        000796
__ptext6                      text6        000614
__ptext7                      text7        001166
__ptext8                      text8        000B0C
__ptext9                      text9        001028
__ramtop                      ramtop       000600
__size_of___awmod             (abs)        000000
__size_of___lmul              (abs)        000000
__size_of___wmul              (abs)        000000
__size_of_calculToucheCombien (abs)        000000
__size_of_initTabVue          (abs)        000000
__size_of_initialisation      (abs)        000000
__size_of_lcd_busy            (abs)        000000
__size_of_lcd_curseurHome     (abs)        000000
__size_of_lcd_ecrireDonnees   (abs)        000000
__size_of_lcd_ecritChar       (abs)        000000
__size_of_lcd_gotoXY          (abs)        000000
__size_of_lcd_init            (abs)        000000
__size_of_lcd_initCGRam       (abs)        000000
__size_of_lcd_lireDonnees     (abs)        000000
__size_of_lcd_putMessage      (abs)        000000
__size_of_lcd_resetSequence   (abs)        000000
__size_of_lcd_strobeEnableBit (abs)        000000
__size_of_lcd_wrCom           (abs)        000000
__size_of_lcd_wrData          (abs)        000000
__size_of_main                (abs)        000000
__size_of_metToucheCombien    (abs)        000000
__size_of_rand                (abs)        000000
__size_of_rempliMines         (abs)        000000
__size_of_srand               (abs)        000000
__smallconst                  smallconst   000600
_calculToucheCombien          text6        000614
_initTabVue                   text23       000C72
_initialisation               text21       001132
_lcd_busy                     text19       00107C
_lcd_curseurHome              text14       0011E2
_lcd_ecrireDonnees            text18       0011B6
_lcd_ecritChar                text9        001028
_lcd_gotoXY                   text15       000DC0
_lcd_init                     text10       00118E
_lcd_initCGRam                text12       000D1E
_lcd_lireDonnees              text20       0011F2
_lcd_putMessage               text8        000B0C
_lcd_resetSequence            text11       000F0A
_lcd_strobeEnableBit          text17       0011EA
_lcd_wrCom                    text16       000E9E
_lcd_wrData                   text13       0010FE
_m_tabMines                   bssBANK0     000060
_m_tabVue                     bssBANK1     000100
_main                         text0        000A50
_matCGRAM                     dataBANK1    000154
_metToucheCombien             text5        000796
_rand                         text2        000FD2
_randx                        dataBANK0    0000D4
_rempliMines                  text1        0008F4
_srand                        text22       0011D2
calculToucheCombien@colonne   cstackBANK0  0000BC
calculToucheCombien@i         cstackBANK0  0000C2
calculToucheCombien@j         cstackBANK0  0000C4
calculToucheCombien@ligne     cstackBANK0  0000BA
calculToucheCombien@nbMines   cstackBANK0  0000C1
end_of_initialization         cinit        000FCC
initTabVue@i                  cstackBANK0  0000B7
initTabVue@j                  cstackBANK0  0000B6
intlevel0                     text         000000
intlevel1                     text         000000
intlevel2                     text         000000
intlevel3                     text         000000
lcd_busy@adresse              cstackBANK0  0000B5
lcd_ecrireDonnees@donnee      cstackBANK0  0000B5
lcd_ecritChar@car             cstackBANK0  0000B7
lcd_ecritChar@posRam          cstackBANK0  0000B8
lcd_gotoXY@x                  cstackBANK0  0000B8
lcd_gotoXY@y                  cstackBANK0  0000B7
lcd_initCGRam@i               cstackBANK0  0000B9
lcd_initCGRam@j               cstackBANK0  0000BA
lcd_putMessage@chaine         cstackBANK0  0000B9
lcd_putMessage@j              cstackBANK0  0000C1
lcd_wrCom@commande            cstackBANK0  0000B6
lcd_wrData@caractere          cstackBANK0  0000B6
main@i                        cstackBANK0  0000D3
metToucheCombien@i            cstackBANK0  0000C9
metToucheCombien@j            cstackBANK0  0000CA
rempliMines@i                 cstackBANK0  0000CF
rempliMines@j                 cstackBANK0  0000D0
rempliMines@nb                cstackBANK0  0000C8
rempliMines@x                 cstackBANK0  0000CD
rempliMines@y                 cstackBANK0  0000CE
srand@x                       cstackBANK0  0000B4
stackhi                       (abs)        0005EE
stacklo                       (abs)        000194
start                         init         000000
start_initialization          cinit        000F74


FUNCTION INFORMATION:

 *************** function _main *****************
 Defined at:
		line 47 in file "main.c"
 Parameters:    Size  Location     Type
		None
 Auto vars:     Size  Location     Type
  i               1   31[BANK0 ] unsigned char 
 Return value:  Size  Location     Type
                  1    wreg      void 
 Registers used:
		wreg, fsr2l, fsr2h, status,2, status,0, tblptrl, tblptrh, tblptru, prodl, prodh, cstack
 Tracked objects:
		On entry : 
		On exit  : 
		Unchanged: 
 Data sizes:     COMRAM   BANK0   BANK1   BANK2   BANK3   BANK4   BANK5
      Params:         0       0       0       0       0       0       0
      Locals:         0       1       0       0       0       0       0
      Temps:          0       2       0       0       0       0       0
      Totals:         0       3       0       0       0       0       0
Total ram usage:        3 bytes
 Hardware stack levels required when called:    6
 This function calls:
		_initTabVue
		_initialisation
		_lcd_gotoXY
		_lcd_init
		_lcd_putMessage
		_metToucheCombien
		_rempliMines
 This function is called by:
		Startup code after reset
 This function uses a non-reentrant model


 *************** function _rempliMines *****************
 Defined at:
		line 118 in file "main.c"
 Parameters:    Size  Location     Type
  nb              2   20[BANK0 ] int 
 Auto vars:     Size  Location     Type
  j               1   28[BANK0 ] unsigned char 
  i               1   27[BANK0 ] unsigned char 
  y               1   26[BANK0 ] unsigned char 
  x               1   25[BANK0 ] unsigned char 
 Return value:  Size  Location     Type
                  1    wreg      void 
 Registers used:
		wreg, fsr2l, fsr2h, status,2, status,0, prodl, prodh, cstack
 Tracked objects:
		On entry : 
		On exit  : 
		Unchanged: 
 Data sizes:     COMRAM   BANK0   BANK1   BANK2   BANK3   BANK4   BANK5
      Params:         0       2       0       0       0       0       0
      Locals:         0       4       0       0       0       0       0
      Temps:          0       3       0       0       0       0       0
      Totals:         0       9       0       0       0       0       0
Total ram usage:        9 bytes
 Hardware stack levels used:    1
 Hardware stack levels required when called:    2
 This function calls:
		___awmod
		_rand
 This function is called by:
		_main
 This function uses a non-reentrant model


 *************** function _rand *****************
 Defined at:
		line 12 in file "C:\Program Files (x86)\Microchip\xc8\v2.10\pic\sources\c90\common\rand.c"
 Parameters:    Size  Location     Type
		None
 Auto vars:     Size  Location     Type
		None
 Return value:  Size  Location     Type
                  2   12[BANK0 ] int 
 Registers used:
		wreg, status,2, status,0, cstack
 Tracked objects:
		On entry : 
		On exit  : 
		Unchanged: 
 Data sizes:     COMRAM   BANK0   BANK1   BANK2   BANK3   BANK4   BANK5
      Params:         0       2       0       0       0       0       0
      Locals:         0       0       0       0       0       0       0
      Temps:          0       0       0       0       0       0       0
      Totals:         0       2       0       0       0       0       0
Total ram usage:        2 bytes
 Hardware stack levels used:    1
 Hardware stack levels required when called:    1
 This function calls:
		___lmul
 This function is called by:
		_rempliMines
 This function uses a non-reentrant model


 *************** function ___lmul *****************
 Defined at:
		line 15 in file "C:\Program Files (x86)\Microchip\xc8\v2.10\pic\sources\c90\common\Umul32.c"
 Parameters:    Size  Location     Type
  multiplier      4    0[BANK0 ] unsigned long 
  multiplicand    4    4[BANK0 ] unsigned long 
 Auto vars:     Size  Location     Type
  product         4    8[BANK0 ] unsigned long 
 Return value:  Size  Location     Type
                  4    0[BANK0 ] unsigned long 
 Registers used:
		wreg, status,2, status,0
 Tracked objects:
		On entry : 
		On exit  : 
		Unchanged: 
 Data sizes:     COMRAM   BANK0   BANK1   BANK2   BANK3   BANK4   BANK5
      Params:         0       8       0       0       0       0       0
      Locals:         0       4       0       0       0       0       0
      Temps:          0       0       0       0       0       0       0
      Totals:         0      12       0       0       0       0       0
Total ram usage:       12 bytes
 Hardware stack levels used:    1
 This function calls:
		Nothing
 This function is called by:
		_rand
 This function uses a non-reentrant model


 *************** function ___awmod *****************
 Defined at:
		line 7 in file "C:\Program Files (x86)\Microchip\xc8\v2.10\pic\sources\c90\common\awmod.c"
 Parameters:    Size  Location     Type
  dividend        2   14[BANK0 ] int 
  divisor         2   16[BANK0 ] int 
 Auto vars:     Size  Location     Type
  sign            1   19[BANK0 ] unsigned char 
  counter         1   18[BANK0 ] unsigned char 
 Return value:  Size  Location     Type
                  2   14[BANK0 ] int 
 Registers used:
		wreg, status,2, status,0
 Tracked objects:
		On entry : 
		On exit  : 
		Unchanged: 
 Data sizes:     COMRAM   BANK0   BANK1   BANK2   BANK3   BANK4   BANK5
      Params:         0       4       0       0       0       0       0
      Locals:         0       2       0       0       0       0       0
      Temps:          0       0       0       0       0       0       0
      Totals:         0       6       0       0       0       0       0
Total ram usage:        6 bytes
 Hardware stack levels used:    1
 This function calls:
		Nothing
 This function is called by:
		_rempliMines
 This function uses a non-reentrant model


 *************** function _metToucheCombien *****************
 Defined at:
		line 150 in file "main.c"
 Parameters:    Size  Location     Type
		None
 Auto vars:     Size  Location     Type
  j               1   22[BANK0 ] unsigned char 
  i               1   21[BANK0 ] unsigned char 
 Return value:  Size  Location     Type
                  1    wreg      void 
 Registers used:
		wreg, fsr2l, fsr2h, status,2, status,0, prodl, prodh, cstack
 Tracked objects:
		On entry : 
		On exit  : 
		Unchanged: 
 Data sizes:     COMRAM   BANK0   BANK1   BANK2   BANK3   BANK4   BANK5
      Params:         0       0       0       0       0       0       0
      Locals:         0       2       0       0       0       0       0
      Temps:          0       3       0       0       0       0       0
      Totals:         0       5       0       0       0       0       0
Total ram usage:        5 bytes
 Hardware stack levels used:    1
 Hardware stack levels required when called:    2
 This function calls:
		_calculToucheCombien
 This function is called by:
		_main
 This function uses a non-reentrant model


 *************** function _calculToucheCombien *****************
 Defined at:
		line 168 in file "main.c"
 Parameters:    Size  Location     Type
  ligne           2    6[BANK0 ] int 
  colonne         2    8[BANK0 ] int 
 Auto vars:     Size  Location     Type
  j               2   16[BANK0 ] int 
  i               2   14[BANK0 ] int 
  nbMines         1   13[BANK0 ] unsigned char 
 Return value:  Size  Location     Type
                  1    wreg      unsigned char 
 Registers used:
		wreg, fsr2l, fsr2h, status,2, status,0, prodl, prodh, cstack
 Tracked objects:
		On entry : 
		On exit  : 
		Unchanged: 
 Data sizes:     COMRAM   BANK0   BANK1   BANK2   BANK3   BANK4   BANK5
      Params:         0       4       0       0       0       0       0
      Locals:         0       5       0       0       0       0       0
      Temps:          0       3       0       0       0       0       0
      Totals:         0      12       0       0       0       0       0
Total ram usage:       12 bytes
 Hardware stack levels used:    1
 Hardware stack levels required when called:    1
 This function calls:
		___wmul
 This function is called by:
		_metToucheCombien
 This function uses a non-reentrant model


 *************** function ___wmul *****************
 Defined at:
		line 15 in file "C:\Program Files (x86)\Microchip\xc8\v2.10\pic\sources\c90\common\Umul16.c"
 Parameters:    Size  Location     Type
  multiplier      2    0[BANK0 ] unsigned int 
  multiplicand    2    2[BANK0 ] unsigned int 
 Auto vars:     Size  Location     Type
  product         2    4[BANK0 ] unsigned int 
 Return value:  Size  Location     Type
                  2    0[BANK0 ] unsigned int 
 Registers used:
		wreg, status,2, status,0, prodl, prodh
 Tracked objects:
		On entry : 
		On exit  : 
		Unchanged: 
 Data sizes:     COMRAM   BANK0   BANK1   BANK2   BANK3   BANK4   BANK5
      Params:         0       4       0       0       0       0       0
      Locals:         0       2       0       0       0       0       0
      Temps:          0       0       0       0       0       0       0
      Totals:         0       6       0       0       0       0       0
Total ram usage:        6 bytes
 Hardware stack levels used:    1
 This function calls:
		Nothing
 This function is called by:
		_calculToucheCombien
 This function uses a non-reentrant model


 *************** function _lcd_putMessage *****************
 Defined at:
		line 387 in file "Lcd4Lignes.c"
 Parameters:    Size  Location     Type
  chaine          3    5[BANK0 ] PTR const unsigned char 
		 -> m_tabMines(84), STR_1(17), 
 Auto vars:     Size  Location     Type
  j               1   13[BANK0 ] unsigned char 
 Return value:  Size  Location     Type
                  1    wreg      void 
 Registers used:
		wreg, fsr2l, fsr2h, status,2, status,0, tblptrl, tblptrh, tblptru, cstack
 Tracked objects:
		On entry : 
		On exit  : 
		Unchanged: 
 Data sizes:     COMRAM   BANK0   BANK1   BANK2   BANK3   BANK4   BANK5
      Params:         0       3       0       0       0       0       0
      Locals:         0       1       0       0       0       0       0
      Temps:          0       5       0       0       0       0       0
      Totals:         0       9       0       0       0       0       0
Total ram usage:        9 bytes
 Hardware stack levels used:    1
 Hardware stack levels required when called:    4
 This function calls:
		_lcd_ecritChar
 This function is called by:
		_main
 This function uses a non-reentrant model


 *************** function _lcd_ecritChar *****************
 Defined at:
		line 359 in file "Lcd4Lignes.c"
 Parameters:    Size  Location     Type
  car             1    wreg     unsigned char 
 Auto vars:     Size  Location     Type
  car             1    3[BANK0 ] unsigned char 
  posRam          1    4[BANK0 ] unsigned char 
 Return value:  Size  Location     Type
                  1    wreg      void 
 Registers used:
		wreg, status,2, status,0, cstack
 Tracked objects:
		On entry : 
		On exit  : 
		Unchanged: 
 Data sizes:     COMRAM   BANK0   BANK1   BANK2   BANK3   BANK4   BANK5
      Params:         0       0       0       0       0       0       0
      Locals:         0       2       0       0       0       0       0
      Temps:          0       0       0       0       0       0       0
      Totals:         0       2       0       0       0       0       0
Total ram usage:        2 bytes
 Hardware stack levels used:    1
 Hardware stack levels required when called:    3
 This function calls:
		_lcd_wrCom
		_lcd_wrData
 This function is called by:
		_lcd_putMessage
 This function uses a non-reentrant model


 *************** function _lcd_init *****************
 Defined at:
		line 258 in file "Lcd4Lignes.c"
 Parameters:    Size  Location     Type
		None
 Auto vars:     Size  Location     Type
		None
 Return value:  Size  Location     Type
                  1    wreg      void 
 Registers used:
		wreg, fsr2l, fsr2h, status,2, status,0, prodl, prodh, cstack
 Tracked objects:
		On entry : 
		On exit  : 
		Unchanged: 
 Data sizes:     COMRAM   BANK0   BANK1   BANK2   BANK3   BANK4   BANK5
      Params:         0       0       0       0       0       0       0
      Locals:         0       0       0       0       0       0       0
      Temps:          0       0       0       0       0       0       0
      Totals:         0       0       0       0       0       0       0
Total ram usage:        0 bytes
 Hardware stack levels used:    1
 Hardware stack levels required when called:    5
 This function calls:
		_lcd_initCGRam
		_lcd_resetSequence
		_lcd_wrCom
 This function is called by:
		_main
 This function uses a non-reentrant model


 *************** function _lcd_resetSequence *****************
 Defined at:
		line 221 in file "Lcd4Lignes.c"
 Parameters:    Size  Location     Type
		None
 Auto vars:     Size  Location     Type
		None
 Return value:  Size  Location     Type
                  1    wreg      void 
 Registers used:
		wreg, status,2, status,0, cstack
 Tracked objects:
		On entry : 
		On exit  : 
		Unchanged: 
 Data sizes:     COMRAM   BANK0   BANK1   BANK2   BANK3   BANK4   BANK5
      Params:         0       0       0       0       0       0       0
      Locals:         0       0       0       0       0       0       0
      Temps:          0       1       0       0       0       0       0
      Totals:         0       1       0       0       0       0       0
Total ram usage:        1 bytes
 Hardware stack levels used:    1
 Hardware stack levels required when called:    1
 This function calls:
		_lcd_ecrireDonnees
		_lcd_strobeEnableBit
 This function is called by:
		_lcd_init
 This function uses a non-reentrant model


 *************** function _lcd_initCGRam *****************
 Defined at:
		line 417 in file "Lcd4Lignes.c"
 Parameters:    Size  Location     Type
		None
 Auto vars:     Size  Location     Type
  j               1    6[BANK0 ] unsigned char 
  i               1    5[BANK0 ] unsigned char 
 Return value:  Size  Location     Type
                  1    wreg      void 
 Registers used:
		wreg, fsr2l, fsr2h, status,2, status,0, prodl, prodh, cstack
 Tracked objects:
		On entry : 
		On exit  : 
		Unchanged: 
 Data sizes:     COMRAM   BANK0   BANK1   BANK2   BANK3   BANK4   BANK5
      Params:         0       0       0       0       0       0       0
      Locals:         0       2       0       0       0       0       0
      Temps:          0       2       0       0       0       0       0
      Totals:         0       4       0       0       0       0       0
Total ram usage:        4 bytes
 Hardware stack levels used:    1
 Hardware stack levels required when called:    4
 This function calls:
		_lcd_curseurHome
		_lcd_wrCom
		_lcd_wrData
 This function is called by:
		_lcd_init
 This function uses a non-reentrant model


 *************** function _lcd_wrData *****************
 Defined at:
		line 188 in file "Lcd4Lignes.c"
 Parameters:    Size  Location     Type
  caractere       1    wreg     unsigned char 
 Auto vars:     Size  Location     Type
  caractere       1    2[BANK0 ] unsigned char 
 Return value:  Size  Location     Type
                  1    wreg      unsigned char 
 Registers used:
		wreg, status,2, status,0, cstack
 Tracked objects:
		On entry : 
		On exit  : 
		Unchanged: 
 Data sizes:     COMRAM   BANK0   BANK1   BANK2   BANK3   BANK4   BANK5
      Params:         0       0       0       0       0       0       0
      Locals:         0       1       0       0       0       0       0
      Temps:          0       0       0       0       0       0       0
      Totals:         0       1       0       0       0       0       0
Total ram usage:        1 bytes
 Hardware stack levels used:    1
 Hardware stack levels required when called:    2
 This function calls:
		_lcd_busy
		_lcd_ecrireDonnees
		_lcd_strobeEnableBit
 This function is called by:
		_lcd_ecritChar
		_lcd_initCGRam
		_lcd_effaceChar
 This function uses a non-reentrant model


 *************** function _lcd_curseurHome *****************
 Defined at:
		line 288 in file "Lcd4Lignes.c"
 Parameters:    Size  Location     Type
		None
 Auto vars:     Size  Location     Type
		None
 Return value:  Size  Location     Type
                  1    wreg      void 
 Registers used:
		wreg, status,2, status,0, cstack
 Tracked objects:
		On entry : 
		On exit  : 
		Unchanged: 
 Data sizes:     COMRAM   BANK0   BANK1   BANK2   BANK3   BANK4   BANK5
      Params:         0       0       0       0       0       0       0
      Locals:         0       0       0       0       0       0       0
      Temps:          0       0       0       0       0       0       0
      Totals:         0       0       0       0       0       0       0
Total ram usage:        0 bytes
 Hardware stack levels used:    1
 Hardware stack levels required when called:    3
 This function calls:
		_lcd_wrCom
 This function is called by:
		_lcd_initCGRam
 This function uses a non-reentrant model


 *************** function _lcd_gotoXY *****************
 Defined at:
		line 314 in file "Lcd4Lignes.c"
 Parameters:    Size  Location     Type
  x               1    wreg     unsigned char 
  y               1    3[BANK0 ] unsigned char 
 Auto vars:     Size  Location     Type
  x               1    4[BANK0 ] unsigned char 
 Return value:  Size  Location     Type
                  1    wreg      void 
 Registers used:
		wreg, status,2, status,0, cstack
 Tracked objects:
		On entry : 
		On exit  : 
		Unchanged: 
 Data sizes:     COMRAM   BANK0   BANK1   BANK2   BANK3   BANK4   BANK5
      Params:         0       1       0       0       0       0       0
      Locals:         0       1       0       0       0       0       0
      Temps:          0       0       0       0       0       0       0
      Totals:         0       2       0       0       0       0       0
Total ram usage:        2 bytes
 Hardware stack levels used:    1
 Hardware stack levels required when called:    3
 This function calls:
		_lcd_wrCom
 This function is called by:
		_main
		_lcd_effaceLigne
 This function uses a non-reentrant model


 *************** function _lcd_wrCom *****************
 Defined at:
		line 156 in file "Lcd4Lignes.c"
 Parameters:    Size  Location     Type
  commande        1    wreg     unsigned char 
 Auto vars:     Size  Location     Type
  commande        1    2[BANK0 ] unsigned char 
 Return value:  Size  Location     Type
                  1    wreg      unsigned char 
 Registers used:
		wreg, status,2, status,0, cstack
 Tracked objects:
		On entry : 
		On exit  : 
		Unchanged: 
 Data sizes:     COMRAM   BANK0   BANK1   BANK2   BANK3   BANK4   BANK5
      Params:         0       0       0       0       0       0       0
      Locals:         0       1       0       0       0       0       0
      Temps:          0       0       0       0       0       0       0
      Totals:         0       1       0       0       0       0       0
Total ram usage:        1 bytes
 Hardware stack levels used:    1
 Hardware stack levels required when called:    2
 This function calls:
		_lcd_busy
		_lcd_ecrireDonnees
		_lcd_strobeEnableBit
 This function is called by:
		_lcd_init
		_lcd_curseurHome
		_lcd_gotoXY
		_lcd_ecritChar
		_lcd_initCGRam
		_lcd_effaceAffichage
		_lcd_cacheCurseur
		_lcd_montreCurseur
 This function uses a non-reentrant model


 *************** function _lcd_strobeEnableBit *****************
 Defined at:
		line 431 in file "Lcd4Lignes.c"
 Parameters:    Size  Location     Type
		None
 Auto vars:     Size  Location     Type
		None
 Return value:  Size  Location     Type
                  1    wreg      void 
 Registers used:
		None
 Tracked objects:
		On entry : 
		On exit  : 
		Unchanged: 
 Data sizes:     COMRAM   BANK0   BANK1   BANK2   BANK3   BANK4   BANK5
      Params:         0       0       0       0       0       0       0
      Locals:         0       0       0       0       0       0       0
      Temps:          0       0       0       0       0       0       0
      Totals:         0       0       0       0       0       0       0
Total ram usage:        0 bytes
 Hardware stack levels used:    1
 This function calls:
		Nothing
 This function is called by:
		_lcd_wrCom
		_lcd_wrData
		_lcd_resetSequence
 This function uses a non-reentrant model


 *************** function _lcd_ecrireDonnees *****************
 Defined at:
		line 107 in file "Lcd4Lignes.c"
 Parameters:    Size  Location     Type
  donnee          1    wreg     unsigned char 
 Auto vars:     Size  Location     Type
  donnee          1    1[BANK0 ] unsigned char 
 Return value:  Size  Location     Type
                  1    wreg      void 
 Registers used:
		wreg, status,2, status,0
 Tracked objects:
		On entry : 
		On exit  : 
		Unchanged: 
 Data sizes:     COMRAM   BANK0   BANK1   BANK2   BANK3   BANK4   BANK5
      Params:         0       0       0       0       0       0       0
      Locals:         0       1       0       0       0       0       0
      Temps:          0       1       0       0       0       0       0
      Totals:         0       2       0       0       0       0       0
Total ram usage:        2 bytes
 Hardware stack levels used:    1
 This function calls:
		Nothing
 This function is called by:
		_lcd_wrCom
		_lcd_wrData
		_lcd_resetSequence
 This function uses a non-reentrant model


 *************** function _lcd_busy *****************
 Defined at:
		line 124 in file "Lcd4Lignes.c"
 Parameters:    Size  Location     Type
		None
 Auto vars:     Size  Location     Type
  adresse         1    1[BANK0 ] unsigned char 
 Return value:  Size  Location     Type
                  1    wreg      unsigned char 
 Registers used:
		wreg, status,2, status,0, cstack
 Tracked objects:
		On entry : 
		On exit  : 
		Unchanged: 
 Data sizes:     COMRAM   BANK0   BANK1   BANK2   BANK3   BANK4   BANK5
      Params:         0       0       0       0       0       0       0
      Locals:         0       1       0       0       0       0       0
      Temps:          0       1       0       0       0       0       0
      Totals:         0       2       0       0       0       0       0
Total ram usage:        2 bytes
 Hardware stack levels used:    1
 Hardware stack levels required when called:    1
 This function calls:
		_lcd_lireDonnees
 This function is called by:
		_lcd_wrCom
		_lcd_wrData
 This function uses a non-reentrant model


 *************** function _lcd_lireDonnees *****************
 Defined at:
		line 93 in file "Lcd4Lignes.c"
 Parameters:    Size  Location     Type
		None
 Auto vars:     Size  Location     Type
		None
 Return value:  Size  Location     Type
                  1    wreg      unsigned char 
 Registers used:
		wreg, status,2, status,0
 Tracked objects:
		On entry : 
		On exit  : 
		Unchanged: 
 Data sizes:     COMRAM   BANK0   BANK1   BANK2   BANK3   BANK4   BANK5
      Params:         0       0       0       0       0       0       0
      Locals:         0       0       0       0       0       0       0
      Temps:          0       0       0       0       0       0       0
      Totals:         0       0       0       0       0       0       0
Total ram usage:        0 bytes
 Hardware stack levels used:    1
 This function calls:
		Nothing
 This function is called by:
		_lcd_busy
 This function uses a non-reentrant model


 *************** function _initialisation *****************
 Defined at:
		line 71 in file "main.c"
 Parameters:    Size  Location     Type
		None
 Auto vars:     Size  Location     Type
		None
 Return value:  Size  Location     Type
                  1    wreg      void 
 Registers used:
		wreg, status,2, cstack
 Tracked objects:
		On entry : 
		On exit  : 
		Unchanged: 
 Data sizes:     COMRAM   BANK0   BANK1   BANK2   BANK3   BANK4   BANK5
      Params:         0       0       0       0       0       0       0
      Locals:         0       0       0       0       0       0       0
      Temps:          0       0       0       0       0       0       0
      Totals:         0       0       0       0       0       0       0
Total ram usage:        0 bytes
 Hardware stack levels used:    1
 Hardware stack levels required when called:    1
 This function calls:
		_srand
 This function is called by:
		_main
 This function uses a non-reentrant model


 *************** function _srand *****************
 Defined at:
		line 6 in file "C:\Program Files (x86)\Microchip\xc8\v2.10\pic\sources\c90\common\rand.c"
 Parameters:    Size  Location     Type
  x               2    0[BANK0 ] unsigned int 
 Auto vars:     Size  Location     Type
		None
 Return value:  Size  Location     Type
                  1    wreg      void 
 Registers used:
		status,2
 Tracked objects:
		On entry : 
		On exit  : 
		Unchanged: 
 Data sizes:     COMRAM   BANK0   BANK1   BANK2   BANK3   BANK4   BANK5
      Params:         0       2       0       0       0       0       0
      Locals:         0       0       0       0       0       0       0
      Temps:          0       0       0       0       0       0       0
      Totals:         0       2       0       0       0       0       0
Total ram usage:        2 bytes
 Hardware stack levels used:    1
 This function calls:
		Nothing
 This function is called by:
		_initialisation
 This function uses a non-reentrant model


 *************** function _initTabVue *****************
 Defined at:
		line 99 in file "main.c"
 Parameters:    Size  Location     Type
		None
 Auto vars:     Size  Location     Type
  j               1    2[BANK0 ] unsigned char 
  i               1    3[BANK0 ] unsigned char 
 Return value:  Size  Location     Type
                  1    wreg      void 
 Registers used:
		wreg, fsr2l, fsr2h, status,2, status,0, prodl, prodh
 Tracked objects:
		On entry : 
		On exit  : 
		Unchanged: 
 Data sizes:     COMRAM   BANK0   BANK1   BANK2   BANK3   BANK4   BANK5
      Params:         0       0       0       0       0       0       0
      Locals:         0       2       0       0       0       0       0
      Temps:          0       2       0       0       0       0       0
      Totals:         0       4       0       0       0       0       0
Total ram usage:        4 bytes
 Hardware stack levels used:    1
 This function calls:
		Nothing
 This function is called by:
		_main
 This function uses a non-reentrant model



MODULE INFORMATION

Module		Function		Class		Link	Load	Size
C:\Program Files (x86)\Microchip\xc8\v2.10\pic\sources\c90\common\Umul16.c
		___wmul        		CODE           	1166	0000	41

C:\Program Files (x86)\Microchip\xc8\v2.10\pic\sources\c90\common\Umul16.c estimated size: 41

C:\Program Files (x86)\Microchip\xc8\v2.10\pic\sources\c90\common\Umul32.c
		___lmul        		CODE           	0E32	0000	109

C:\Program Files (x86)\Microchip\xc8\v2.10\pic\sources\c90\common\Umul32.c estimated size: 109

Lcd4Lignes.c
		_lcd_ecrireDonnees		CODE           	11B6	0000	29
		_lcd_busy      		CODE           	107C	0000	67
		_lcd_curseurHome		CODE           	11E2	0000	9
		_lcd_initCGRam 		CODE           	0D1E	0000	163
		_lcd_wrData    		CODE           	10FE	0000	53
		_lcd_putMessage		CODE           	0B0C	0000	181
		_lcd_resetSequence		CODE           	0F0A	0000	107
		_lcd_lireDonnees		CODE           	11F2	0000	7
		_lcd_gotoXY    		CODE           	0DC0	0000	115
		_lcd_wrCom     		CODE           	0E9E	0000	109
		_lcd_ecritChar 		CODE           	1028	0000	85
		_lcd_init      		CODE           	118E	0000	41
		_lcd_strobeEnableBit		CODE           	11EA	0000	9

Lcd4Lignes.c estimated size: 975

shared
		__initialization		CODE           	0F74	0000	89

shared estimated size: 89

C:\Program Files (x86)\Microchip\xc8\v2.10\pic\sources\c90\common\awmod.c
		___awmod       		CODE           	0BC0	0000	179

C:\Program Files (x86)\Microchip\xc8\v2.10\pic\sources\c90\common\awmod.c estimated size: 179

main.c
		_initialisation		CODE           	1132	0000	53
		_metToucheCombien		CODE           	0796	0000	351
		_main          		CODE           	0A50	0000	189
		_initTabVue    		CODE           	0C72	0000	173
		_rempliMines   		CODE           	08F4	0000	349
		_calculToucheCombien		CODE           	0614	0000	387

main.c estimated size: 1502

C:\Program Files (x86)\Microchip\xc8\v2.10\pic\sources\c90\common\rand.c
		_srand         		CODE           	11D2	0000	17
		_rand          		CODE           	0FD2	0000	87

C:\Program Files (x86)\Microchip\xc8\v2.10\pic\sources\c90\common\rand.c estimated size: 104

